
> website@0.0.0 build
> docusaurus build

[INFO] [en] Creating an optimized production build...
[90m[[90mwebpackbar[90m][39m [36mℹ[39m Compiling Client
[90m[[90mwebpackbar[90m][39m [36mℹ[39m Compiling Server
[90m[[90mwebpackbar[90m][39m [32m✔[39m Server: Compiled successfully in 39.59s
[90m[[90mwebpackbar[90m][39m [32m✔[39m Client: Compiled successfully in 1.15m

[ERROR] Error: Unable to build website for locale en.
    at tryToBuildLocale (D:\nativ-ai-web\website\node_modules\@docusaurus\core\lib\commands\build\build.js:83:15)
    at async D:\nativ-ai-web\website\node_modules\@docusaurus\core\lib\commands\build\build.js:35:9
    ... 4 lines matching cause stack trace ...
    at async file:///D:/nativ-ai-web/website/node_modules/@docusaurus/core/bin/docusaurus.mjs:44:3 {
  [cause]: Error: Docusaurus static site generation failed for 1 paths:
  - "/physical-ai-textbook/docs/01-introduction-to-physical-ai"
      at throwSSGError (D:\nativ-ai-web\website\node_modules\@docusaurus\core\lib\ssg\ssgGlobalResult.js:56:11)
      at createGlobalSSGResult (D:\nativ-ai-web\website\node_modules\@docusaurus\core\lib\ssg\ssgGlobalResult.js:66:9)
      ... 11 lines matching cause stack trace ...
      at async file:///D:/nativ-ai-web/website/node_modules/@docusaurus/core/bin/docusaurus.mjs:44:3 {
    [cause]: AggregateError
        at throwSSGError (D:\nativ-ai-web\website\node_modules\@docusaurus\core\lib\ssg\ssgGlobalResult.js:57:16)
        at createGlobalSSGResult (D:\nativ-ai-web\website\node_modules\@docusaurus\core\lib\ssg\ssgGlobalResult.js:66:9)
        at D:\nativ-ai-web\website\node_modules\@docusaurus\core\lib\ssg\ssgExecutor.js:30:68
        at async executeSSG (D:\nativ-ai-web\website\node_modules\@docusaurus\core\lib\ssg\ssgExecutor.js:144:20)
        at async buildLocale (D:\nativ-ai-web\website\node_modules\@docusaurus\core\lib\commands\build\buildLocale.js:84:31)
        at async runBuildLocaleTask (D:\nativ-ai-web\website\node_modules\@docusaurus\core\lib\commands\build\build.js:98:5)
        at async D:\nativ-ai-web\website\node_modules\@docusaurus\core\lib\commands\build\build.js:79:13
        at async tryToBuildLocale (D:\nativ-ai-web\website\node_modules\@docusaurus\core\lib\commands\build\build.js:75:9)
        at async D:\nativ-ai-web\website\node_modules\@docusaurus\core\lib\commands\build\build.js:35:9
        at async mapAsyncSequential (D:\nativ-ai-web\website\node_modules\@docusaurus\utils\lib\jsUtils.js:21:24)
        at async Command.build (D:\nativ-ai-web\website\node_modules\@docusaurus\core\lib\commands\build\build.js:34:5)
        at async Promise.all (index 0)
        at async runCLI (D:\nativ-ai-web\website\node_modules\@docusaurus\core\lib\commands\cli.js:56:5)
        at async file:///D:/nativ-ai-web/website/node_modules/@docusaurus/core/bin/docusaurus.mjs:44:3 {
      [errors]: [
        Error: Can't render static file for pathname "/physical-ai-textbook/docs/01-introduction-to-physical-ai"
            at generateStaticFile (D:\nativ-ai-web\website\node_modules\@docusaurus\core\lib\ssg\ssgRenderer.js:131:20)
            at async D:\nativ-ai-web\website\node_modules\p-map\index.js:57:22 {
          [cause]: Error: Expected component `Advanced` to be defined: you likely forgot to import, pass, or provide it.
              at _missingMdxReference (server.bundle.js:4414:9)
              at _createMdxContent (server.bundle.js:2954:18)
              at MDXContent (server.bundle.js:4411:8)
              at renderWithHooks (server.bundle.js:26036:18)
              at renderElement (server.bundle.js:26174:14)
              at retryNode (server.bundle.js:26892:16)
              at renderNodeDestructive (server.bundle.js:26686:7)
              at renderElement (server.bundle.js:26619:11)
              at retryNode (server.bundle.js:26892:16)
              at renderNodeDestructive (server.bundle.js:26686:7)
        }
      ]
    }
  }
}
[INFO] Docusaurus version: 3.9.2
Node version: v20.19.6
